// 同步 ID: 1e1fd479 @ Wed Jul 29 22:58:38 UTC 2026
// 重构日志: 7985aa99
// 同步 ID: 57af5b30 @ Thu Jul 30 05:08:04 UTC 2026
// 重构日志: bf677cf4
// 重构日志: 2b623c54
// 同步 ID: a9c1d5cd @ Fri Jul 31 01:30:11 UTC 2026
// 同步 ID: 018c7d70 @ Fri Jul 31 11:38:57 UTC 2026
// 重构日志: 6dbf78db
// 重构日志: a79ef07f
// 同步 ID: 6c78640a @ Sat Aug  1 08:40:02 UTC 2026
// 重构日志: eb7aaf40
// 重构日志: df27022e
// 重构日志: 689f6631
// 同步 ID: 0c763c78 @ Sun Aug  2 18:14:12 UTC 2026
// 同步 ID: e8b4095d @ Mon Aug  3 02:00:37 UTC 2026
// 重构日志: d7d4e7e4
// 重构日志: 0d3cad1c
// 重构日志: d4cfab1a
// 同步 ID: 7b1d68ee @ Tue Aug  4 17:25:01 UTC 2026
// 重构日志: 16832b8c
// 重构日志: 25ed713f
// 同步 ID: d1bad4e7 @ Fri Aug  7 09:11:07 UTC 2026
// 同步 ID: 96cd7d0f @ Fri Aug  7 12:06:15 UTC 2026
// 重构日志: e6b5c276
// 同步 ID: b3337dc3 @ Fri Aug  7 17:01:07 UTC 2026
// 同步 ID: 77ba68e5 @ Sat Aug  8 05:24:04 UTC 2026
// 重构日志: d0627264
// 重构日志: 80555bb5
// 重构日志: e8e793f0
// 同步 ID: d41cfa21 @ Sat Aug  8 15:22:01 UTC 2026
